// Vitest Snapshot v1, https://vitest.dev/guide/snapshot.html

exports[`bundled pack > renders the wizard opening from definition + lead 1`] = `
"Write the opening passage of this adventure story.
Setting: A frozen coast.
Cast — sceneEntities and currentLocationId must reference only these cast ids:
- Aria (character, cast id: c1)
The lead character's cast id is c1.
"
`;
